
> synexis-frontend@0.0.0 build
> vite build

[36mvite v7.3.1 [32mbuilding client environment for production...[36m[39m
transforming...
[32mΓ£ô[39m 1857 modules transformed.
rendering chunks...
computing gzip size...
[2mdist/[22m[32mindex.html                 [39m[1m[2m  0.86 kB[22m[1m[22m[2m Γöé gzip:   0.49 kB[22m
[2mdist/[22m[35massets/index-C0NKQ6BR.css  [39m[1m[2m 56.19 kB[22m[1m[22m[2m Γöé gzip:   9.33 kB[22m
[2mdist/[22m[36massets/index-BLmFSJ68.js   [39m[1m[2m410.70 kB[22m[1m[22m[2m Γöé gzip: 126.63 kB[22m
[32mΓ£ô built in 4.83s[39m
